2026-02-17 10:30:55,531 | INFO | uvicorn.access | 127.0.0.1:54369 - "OPTIONS /auth/login HTTP/1.1" 200
2026-02-17 10:31:25,976 | INFO | uvicorn.access | 127.0.0.1:61127 - "POST /auth/login HTTP/1.1" 500
2026-02-17 10:31:25,978 | ERROR | uvicorn.error | Exception in ASGI application
Traceback (most recent call last):
  File "C:\Users\ASUS\Documents\Salepie\salepie-admin-api\venv\lib\site-packages\uvicorn\protocols\http\httptools_impl.py", line 409, in run_asgi
    result = await app(  # type: ignore[func-returns-value]
  File "C:\Users\ASUS\Documents\Salepie\salepie-admin-api\venv\lib\site-packages\uvicorn\middleware\proxy_headers.py", line 60, in __call__
    return await self.app(scope, receive, send)
  File "C:\Users\ASUS\Documents\Salepie\salepie-admin-api\venv\lib\site-packages\fastapi\applications.py", line 1054, in __call__
    await super().__call__(scope, receive, send)
  File "C:\Users\ASUS\Documents\Salepie\salepie-admin-api\venv\lib\site-packages\starlette\applications.py", line 113, in __call__
    await self.middleware_stack(scope, receive, send)
  File "C:\Users\ASUS\Documents\Salepie\salepie-admin-api\venv\lib\site-packages\starlette\middleware\errors.py", line 187, in __call__
    raise exc
  File "C:\Users\ASUS\Documents\Salepie\salepie-admin-api\venv\lib\site-packages\starlette\middleware\errors.py", line 165, in __call__
    await self.app(scope, receive, _send)
  File "C:\Users\ASUS\Documents\Salepie\salepie-admin-api\venv\lib\site-packages\starlette\middleware\cors.py", line 93, in __call__
    await self.simple_response(scope, receive, send, request_headers=headers)
  File "C:\Users\ASUS\Documents\Salepie\salepie-admin-api\venv\lib\site-packages\starlette\middleware\cors.py", line 144, in simple_response
    await self.app(scope, receive, send)
  File "C:\Users\ASUS\Documents\Salepie\salepie-admin-api\venv\lib\site-packages\starlette\middleware\exceptions.py", line 62, in __call__
    await wrap_app_handling_exceptions(self.app, conn)(scope, receive, send)
  File "C:\Users\ASUS\Documents\Salepie\salepie-admin-api\venv\lib\site-packages\starlette\_exception_handler.py", line 53, in wrapped_app
    raise exc
  File "C:\Users\ASUS\Documents\Salepie\salepie-admin-api\venv\lib\site-packages\starlette\_exception_handler.py", line 42, in wrapped_app
    await app(scope, receive, sender)
  File "C:\Users\ASUS\Documents\Salepie\salepie-admin-api\venv\lib\site-packages\starlette\routing.py", line 715, in __call__
    await self.middleware_stack(scope, receive, send)
  File "C:\Users\ASUS\Documents\Salepie\salepie-admin-api\venv\lib\site-packages\starlette\routing.py", line 735, in app
    await route.handle(scope, receive, send)
  File "C:\Users\ASUS\Documents\Salepie\salepie-admin-api\venv\lib\site-packages\starlette\routing.py", line 288, in handle
    await self.app(scope, receive, send)
  File "C:\Users\ASUS\Documents\Salepie\salepie-admin-api\venv\lib\site-packages\starlette\routing.py", line 76, in app
    await wrap_app_handling_exceptions(app, request)(scope, receive, send)
  File "C:\Users\ASUS\Documents\Salepie\salepie-admin-api\venv\lib\site-packages\starlette\_exception_handler.py", line 53, in wrapped_app
    raise exc
  File "C:\Users\ASUS\Documents\Salepie\salepie-admin-api\venv\lib\site-packages\starlette\_exception_handler.py", line 42, in wrapped_app
    await app(scope, receive, sender)
  File "C:\Users\ASUS\Documents\Salepie\salepie-admin-api\venv\lib\site-packages\starlette\routing.py", line 73, in app
    response = await f(request)
  File "C:\Users\ASUS\Documents\Salepie\salepie-admin-api\venv\lib\site-packages\fastapi\routing.py", line 301, in app
    raw_response = await run_endpoint_function(
  File "C:\Users\ASUS\Documents\Salepie\salepie-admin-api\venv\lib\site-packages\fastapi\routing.py", line 212, in run_endpoint_function
    return await dependant.call(**values)
  File "C:\Users\ASUS\Documents\Salepie\salepie-admin-api\app\api\v1\endpoints\authApi.py", line 283, in login_for_access_token
    user_db = await userRepo.getUserByEmail(db, form_data.email)
  File "C:\Users\ASUS\Documents\Salepie\salepie-admin-api\app\repo\userRepo.py", line 30, in getUserByEmail
    row = await db["salepiev1"]["user"].find_one({ "email" :  email })
  File "C:\Users\ASUS\AppData\Local\Programs\Python\Python310\lib\concurrent\futures\thread.py", line 58, in run
    result = self.fn(*self.args, **self.kwargs)
  File "C:\Users\ASUS\Documents\Salepie\salepie-admin-api\venv\lib\site-packages\pymongo\synchronous\collection.py", line 1709, in find_one
    for result in cursor.limit(-1):
  File "C:\Users\ASUS\Documents\Salepie\salepie-admin-api\venv\lib\site-packages\pymongo\synchronous\cursor.py", line 1281, in __next__
    return self.next()
  File "C:\Users\ASUS\Documents\Salepie\salepie-admin-api\venv\lib\site-packages\pymongo\synchronous\cursor.py", line 1257, in next
    if len(self._data) or self._refresh():
  File "C:\Users\ASUS\Documents\Salepie\salepie-admin-api\venv\lib\site-packages\pymongo\synchronous\cursor.py", line 1205, in _refresh
    self._send_message(q)
  File "C:\Users\ASUS\Documents\Salepie\salepie-admin-api\venv\lib\site-packages\pymongo\synchronous\cursor.py", line 1100, in _send_message
    response = client._run_operation(
  File "C:\Users\ASUS\Documents\Salepie\salepie-admin-api\venv\lib\site-packages\pymongo\_csot.py", line 120, in csot_wrapper
    return func(self, *args, **kwargs)
  File "C:\Users\ASUS\Documents\Salepie\salepie-admin-api\venv\lib\site-packages\pymongo\synchronous\mongo_client.py", line 1754, in _run_operation
    return self._retryable_read(
  File "C:\Users\ASUS\Documents\Salepie\salepie-admin-api\venv\lib\site-packages\pymongo\synchronous\mongo_client.py", line 1863, in _retryable_read
    return self._retry_internal(
  File "C:\Users\ASUS\Documents\Salepie\salepie-admin-api\venv\lib\site-packages\pymongo\_csot.py", line 120, in csot_wrapper
    return func(self, *args, **kwargs)
  File "C:\Users\ASUS\Documents\Salepie\salepie-admin-api\venv\lib\site-packages\pymongo\synchronous\mongo_client.py", line 1830, in _retry_internal
    ).run()
  File "C:\Users\ASUS\Documents\Salepie\salepie-admin-api\venv\lib\site-packages\pymongo\synchronous\mongo_client.py", line 2554, in run
    return self._read() if self._is_read else self._write()
  File "C:\Users\ASUS\Documents\Salepie\salepie-admin-api\venv\lib\site-packages\pymongo\synchronous\mongo_client.py", line 2689, in _read
    self._server = self._get_server()
  File "C:\Users\ASUS\Documents\Salepie\salepie-admin-api\venv\lib\site-packages\pymongo\synchronous\mongo_client.py", line 2645, in _get_server
    return self._client._select_server(
  File "C:\Users\ASUS\Documents\Salepie\salepie-admin-api\venv\lib\site-packages\pymongo\synchronous\mongo_client.py", line 1649, in _select_server
    server = topology.select_server(
  File "C:\Users\ASUS\Documents\Salepie\salepie-admin-api\venv\lib\site-packages\pymongo\synchronous\topology.py", line 398, in select_server
    server = self._select_server(
  File "C:\Users\ASUS\Documents\Salepie\salepie-admin-api\venv\lib\site-packages\pymongo\synchronous\topology.py", line 376, in _select_server
    servers = self.select_servers(
  File "C:\Users\ASUS\Documents\Salepie\salepie-admin-api\venv\lib\site-packages\pymongo\synchronous\topology.py", line 283, in select_servers
    server_descriptions = self._select_servers_loop(
  File "C:\Users\ASUS\Documents\Salepie\salepie-admin-api\venv\lib\site-packages\pymongo\synchronous\topology.py", line 333, in _select_servers_loop
    raise ServerSelectionTimeoutError(
pymongo.errors.ServerSelectionTimeoutError: 127.0.0.1:27019: [WinError 10061] No connection could be made because the target machine actively refused it (configured timeouts: socketTimeoutMS: 20000.0ms, connectTimeoutMS: 20000.0ms), Timeout: 30s, Topology Description: <TopologyDescription id: 69932756e242141825926d11, topology_type: Unknown, servers: [<ServerDescription ('127.0.0.1', 27019) server_type: Unknown, rtt: None, error=AutoReconnect('127.0.0.1:27019: [WinError 10061] No connection could be made because the target machine actively refused it (configured timeouts: socketTimeoutMS: 20000.0ms, connectTimeoutMS: 20000.0ms)')>]>
2026-02-17 10:31:28,013 | INFO | uvicorn.access | 127.0.0.1:58965 - "POST /auth/login HTTP/1.1" 500
2026-02-17 10:31:28,014 | ERROR | uvicorn.error | Exception in ASGI application
Traceback (most recent call last):
  File "C:\Users\ASUS\Documents\Salepie\salepie-admin-api\venv\lib\site-packages\uvicorn\protocols\http\httptools_impl.py", line 409, in run_asgi
    result = await app(  # type: ignore[func-returns-value]
  File "C:\Users\ASUS\Documents\Salepie\salepie-admin-api\venv\lib\site-packages\uvicorn\middleware\proxy_headers.py", line 60, in __call__
    return await self.app(scope, receive, send)
  File "C:\Users\ASUS\Documents\Salepie\salepie-admin-api\venv\lib\site-packages\fastapi\applications.py", line 1054, in __call__
    await super().__call__(scope, receive, send)
  File "C:\Users\ASUS\Documents\Salepie\salepie-admin-api\venv\lib\site-packages\starlette\applications.py", line 113, in __call__
    await self.middleware_stack(scope, receive, send)
  File "C:\Users\ASUS\Documents\Salepie\salepie-admin-api\venv\lib\site-packages\starlette\middleware\errors.py", line 187, in __call__
    raise exc
  File "C:\Users\ASUS\Documents\Salepie\salepie-admin-api\venv\lib\site-packages\starlette\middleware\errors.py", line 165, in __call__
    await self.app(scope, receive, _send)
  File "C:\Users\ASUS\Documents\Salepie\salepie-admin-api\venv\lib\site-packages\starlette\middleware\cors.py", line 93, in __call__
    await self.simple_response(scope, receive, send, request_headers=headers)
  File "C:\Users\ASUS\Documents\Salepie\salepie-admin-api\venv\lib\site-packages\starlette\middleware\cors.py", line 144, in simple_response
    await self.app(scope, receive, send)
  File "C:\Users\ASUS\Documents\Salepie\salepie-admin-api\venv\lib\site-packages\starlette\middleware\exceptions.py", line 62, in __call__
    await wrap_app_handling_exceptions(self.app, conn)(scope, receive, send)
  File "C:\Users\ASUS\Documents\Salepie\salepie-admin-api\venv\lib\site-packages\starlette\_exception_handler.py", line 53, in wrapped_app
    raise exc
  File "C:\Users\ASUS\Documents\Salepie\salepie-admin-api\venv\lib\site-packages\starlette\_exception_handler.py", line 42, in wrapped_app
    await app(scope, receive, sender)
  File "C:\Users\ASUS\Documents\Salepie\salepie-admin-api\venv\lib\site-packages\starlette\routing.py", line 715, in __call__
    await self.middleware_stack(scope, receive, send)
  File "C:\Users\ASUS\Documents\Salepie\salepie-admin-api\venv\lib\site-packages\starlette\routing.py", line 735, in app
    await route.handle(scope, receive, send)
  File "C:\Users\ASUS\Documents\Salepie\salepie-admin-api\venv\lib\site-packages\starlette\routing.py", line 288, in handle
    await self.app(scope, receive, send)
  File "C:\Users\ASUS\Documents\Salepie\salepie-admin-api\venv\lib\site-packages\starlette\routing.py", line 76, in app
    await wrap_app_handling_exceptions(app, request)(scope, receive, send)
  File "C:\Users\ASUS\Documents\Salepie\salepie-admin-api\venv\lib\site-packages\starlette\_exception_handler.py", line 53, in wrapped_app
    raise exc
  File "C:\Users\ASUS\Documents\Salepie\salepie-admin-api\venv\lib\site-packages\starlette\_exception_handler.py", line 42, in wrapped_app
    await app(scope, receive, sender)
  File "C:\Users\ASUS\Documents\Salepie\salepie-admin-api\venv\lib\site-packages\starlette\routing.py", line 73, in app
    response = await f(request)
  File "C:\Users\ASUS\Documents\Salepie\salepie-admin-api\venv\lib\site-packages\fastapi\routing.py", line 301, in app
    raw_response = await run_endpoint_function(
  File "C:\Users\ASUS\Documents\Salepie\salepie-admin-api\venv\lib\site-packages\fastapi\routing.py", line 212, in run_endpoint_function
    return await dependant.call(**values)
  File "C:\Users\ASUS\Documents\Salepie\salepie-admin-api\app\api\v1\endpoints\authApi.py", line 283, in login_for_access_token
    user_db = await userRepo.getUserByEmail(db, form_data.email)
  File "C:\Users\ASUS\Documents\Salepie\salepie-admin-api\app\repo\userRepo.py", line 30, in getUserByEmail
    row = await db["salepiev1"]["user"].find_one({ "email" :  email })
  File "C:\Users\ASUS\AppData\Local\Programs\Python\Python310\lib\concurrent\futures\thread.py", line 58, in run
    result = self.fn(*self.args, **self.kwargs)
  File "C:\Users\ASUS\Documents\Salepie\salepie-admin-api\venv\lib\site-packages\pymongo\synchronous\collection.py", line 1709, in find_one
    for result in cursor.limit(-1):
  File "C:\Users\ASUS\Documents\Salepie\salepie-admin-api\venv\lib\site-packages\pymongo\synchronous\cursor.py", line 1281, in __next__
    return self.next()
  File "C:\Users\ASUS\Documents\Salepie\salepie-admin-api\venv\lib\site-packages\pymongo\synchronous\cursor.py", line 1257, in next
    if len(self._data) or self._refresh():
  File "C:\Users\ASUS\Documents\Salepie\salepie-admin-api\venv\lib\site-packages\pymongo\synchronous\cursor.py", line 1205, in _refresh
    self._send_message(q)
  File "C:\Users\ASUS\Documents\Salepie\salepie-admin-api\venv\lib\site-packages\pymongo\synchronous\cursor.py", line 1100, in _send_message
    response = client._run_operation(
  File "C:\Users\ASUS\Documents\Salepie\salepie-admin-api\venv\lib\site-packages\pymongo\_csot.py", line 120, in csot_wrapper
    return func(self, *args, **kwargs)
  File "C:\Users\ASUS\Documents\Salepie\salepie-admin-api\venv\lib\site-packages\pymongo\synchronous\mongo_client.py", line 1754, in _run_operation
    return self._retryable_read(
  File "C:\Users\ASUS\Documents\Salepie\salepie-admin-api\venv\lib\site-packages\pymongo\synchronous\mongo_client.py", line 1863, in _retryable_read
    return self._retry_internal(
  File "C:\Users\ASUS\Documents\Salepie\salepie-admin-api\venv\lib\site-packages\pymongo\_csot.py", line 120, in csot_wrapper
    return func(self, *args, **kwargs)
  File "C:\Users\ASUS\Documents\Salepie\salepie-admin-api\venv\lib\site-packages\pymongo\synchronous\mongo_client.py", line 1830, in _retry_internal
    ).run()
  File "C:\Users\ASUS\Documents\Salepie\salepie-admin-api\venv\lib\site-packages\pymongo\synchronous\mongo_client.py", line 2554, in run
    return self._read() if self._is_read else self._write()
  File "C:\Users\ASUS\Documents\Salepie\salepie-admin-api\venv\lib\site-packages\pymongo\synchronous\mongo_client.py", line 2689, in _read
    self._server = self._get_server()
  File "C:\Users\ASUS\Documents\Salepie\salepie-admin-api\venv\lib\site-packages\pymongo\synchronous\mongo_client.py", line 2645, in _get_server
    return self._client._select_server(
  File "C:\Users\ASUS\Documents\Salepie\salepie-admin-api\venv\lib\site-packages\pymongo\synchronous\mongo_client.py", line 1649, in _select_server
    server = topology.select_server(
  File "C:\Users\ASUS\Documents\Salepie\salepie-admin-api\venv\lib\site-packages\pymongo\synchronous\topology.py", line 398, in select_server
    server = self._select_server(
  File "C:\Users\ASUS\Documents\Salepie\salepie-admin-api\venv\lib\site-packages\pymongo\synchronous\topology.py", line 376, in _select_server
    servers = self.select_servers(
  File "C:\Users\ASUS\Documents\Salepie\salepie-admin-api\venv\lib\site-packages\pymongo\synchronous\topology.py", line 283, in select_servers
    server_descriptions = self._select_servers_loop(
  File "C:\Users\ASUS\Documents\Salepie\salepie-admin-api\venv\lib\site-packages\pymongo\synchronous\topology.py", line 333, in _select_servers_loop
    raise ServerSelectionTimeoutError(
pymongo.errors.ServerSelectionTimeoutError: 127.0.0.1:27019: [WinError 10061] No connection could be made because the target machine actively refused it (configured timeouts: socketTimeoutMS: 20000.0ms, connectTimeoutMS: 20000.0ms), Timeout: 30s, Topology Description: <TopologyDescription id: 69932756e242141825926d11, topology_type: Unknown, servers: [<ServerDescription ('127.0.0.1', 27019) server_type: Unknown, rtt: None, error=AutoReconnect('127.0.0.1:27019: [WinError 10061] No connection could be made because the target machine actively refused it (configured timeouts: socketTimeoutMS: 20000.0ms, connectTimeoutMS: 20000.0ms)')>]>
